I'm sorry, but errors were detected in your script. Please correct the
errors listed below, and try again.


File "game/options.rpy", line 125: expected statement.
    defalut preferences.fullscreen = True
                       ^

Ren'Py Version: Ren'Py 8.1.3.23091805
Fri Jan 26 20:49:37 2024
